Registered S3 method overwritten by 'httr':
  method         from  
  print.response rmutil
Loading required package: permute

Attaching package: ‘dplyr’

The following objects are masked from ‘package:stats’:

    filter, lag

The following objects are masked from ‘package:base’:

    intersect, setdiff, setequal, union

Loading required package: phyloseq

microbiome R package (microbiome.github.com)
    


 Copyright (C) 2011-2022 Leo Lahti, 
    Sudarshan Shetty et al. <microbiome.github.io>


Attaching package: ‘microbiome’

The following object is masked from ‘package:ggplot2’:

    alpha

The following object is masked from ‘package:vegan’:

    diversity

The following object is masked from ‘package:base’:

    transform

🚀 STARTING COMPREHENSIVE MeLSI ANALYSIS
📊 This includes: Main comparison + Statistical validation + Scalability + Parameter sensitivity + Pre-filtering + Biological validation
⏱️  Estimated time: 15-30 minutes
📁 Results will be saved to 7 CSV files

📋 PART 1/6: MAIN METHOD COMPARISON
   Testing MeLSI vs 6 standard methods on 5 datasets
   ⏳ This may take 5-10 minutes...
========================================
MeLSI vs Standard Methods Comparison
========================================

1. Testing Synthetic Data - Weak Signal

=== Testing Synthetic_Weak ===
Samples: 60 Taxa: 150 
Running MeLSI...
--- Starting MeLSI Analysis ---
Learning metric on observed data...
Pre-filtering: Keeping 75/150 features (50.0%)
Training 50 weak learners with 52 features each...
Completed 20/50 weak learners (40.0%)
Completed 40/50 weak learners (80.0%)
Ensemble complete: 50 valid learners, avg F-stat: 4.8856
Observed F-statistic: 2.005869 
Generating null distribution with 199 permutations...
Pre-filtering: Keeping 75/150 features (50.0%)
Training 50 weak learners with 52 features each...
Completed 20/50 weak learners (40.0%)
Completed 40/50 weak learners (80.0%)
Ensemble complete: 50 valid learners, avg F-stat: 4.2433
Pre-filtering: Keeping 75/150 features (50.0%)
Training 50 weak learners with 52 features each...
Completed 20/50 weak learners (40.0%)
Completed 40/50 weak learners (80.0%)
Ensemble complete: 50 valid learners, avg F-stat: 3.8856
Pre-filtering: Keeping 75/150 features (50.0%)
Training 50 weak learners with 52 features each...
Completed 20/50 weak learners (40.0%)
Completed 40/50 weak learners (80.0%)
Ensemble complete: 50 valid learners, avg F-stat: 4.6892
Pre-filtering: Keeping 75/150 features (50.0%)
Training 50 weak learners with 52 features each...
Completed 20/50 weak learners (40.0%)
Completed 40/50 weak learners (80.0%)
Ensemble complete: 50 valid learners, avg F-stat: 4.4751
Pre-filtering: Keeping 75/150 features (50.0%)
Training 50 weak learners with 52 features each...
Completed 20/50 weak learners (40.0%)
Completed 40/50 weak learners (80.0%)
Ensemble complete: 50 valid learners, avg F-stat: 3.9508
Pre-filtering: Keeping 75/150 features (50.0%)
Training 50 weak learners with 52 features each...
Completed 20/50 weak learners (40.0%)
Completed 40/50 weak learners (80.0%)
Ensemble complete: 50 valid learners, avg F-stat: 4.5630
Pre-filtering: Keeping 75/150 features (50.0%)
Training 50 weak learners with 52 features each...
Completed 20/50 weak learners (40.0%)
Completed 40/50 weak learners (80.0%)
Ensemble complete: 50 valid learners, avg F-stat: 4.5614
Pre-filtering: Keeping 75/150 features (50.0%)
Training 50 weak learners with 52 features each...
Completed 20/50 weak learners (40.0%)
Completed 40/50 weak learners (80.0%)
Ensemble complete: 50 valid learners, avg F-stat: 3.7196
Pre-filtering: Keeping 75/150 features (50.0%)
Training 50 weak learners with 52 features each...
Completed 20/50 weak learners (40.0%)
Completed 40/50 weak learners (80.0%)
Ensemble complete: 50 valid learners, avg F-stat: 3.5458
Pre-filtering: Keeping 75/150 features (50.0%)
Training 50 weak learners with 52 features each...
Completed 20/50 weak learners (40.0%)
Completed 40/50 weak learners (80.0%)
Ensemble complete: 50 valid learners, avg F-stat: 4.5209
Pre-filtering: Keeping 75/150 features (50.0%)
Training 50 weak learners with 52 features each...
Completed 20/50 weak learners (40.0%)
Completed 40/50 weak learners (80.0%)
Ensemble complete: 50 valid learners, avg F-stat: 4.6588
Pre-filtering: Keeping 75/150 features (50.0%)
Training 50 weak learners with 52 features each...
Completed 20/50 weak learners (40.0%)
Completed 40/50 weak learners (80.0%)
Ensemble complete: 50 valid learners, avg F-stat: 4.2640
Pre-filtering: Keeping 75/150 features (50.0%)
Training 50 weak learners with 52 features each...
Completed 20/50 weak learners (40.0%)
Completed 40/50 weak learners (80.0%)
Ensemble complete: 50 valid learners, avg F-stat: 4.4934
Pre-filtering: Keeping 75/150 features (50.0%)
Training 50 weak learners with 52 features each...
Completed 20/50 weak learners (40.0%)
Completed 40/50 weak learners (80.0%)
Ensemble complete: 50 valid learners, avg F-stat: 4.1833
Pre-filtering: Keeping 75/150 features (50.0%)
Training 50 weak learners with 52 features each...
Completed 20/50 weak learners (40.0%)
Completed 40/50 weak learners (80.0%)
Ensemble complete: 50 valid learners, avg F-stat: 4.5528
Pre-filtering: Keeping 75/150 features (50.0%)
Training 50 weak learners with 52 features each...
Completed 20/50 weak learners (40.0%)
Completed 40/50 weak learners (80.0%)
Ensemble complete: 50 valid learners, avg F-stat: 4.1413
Pre-filtering: Keeping 75/150 features (50.0%)
Training 50 weak learners with 52 features each...
Completed 20/50 weak learners (40.0%)
Completed 40/50 weak learners (80.0%)
Ensemble complete: 50 valid learners, avg F-stat: 4.5510
Pre-filtering: Keeping 75/150 features (50.0%)
Training 50 weak learners with 52 features each...
Completed 20/50 weak learners (40.0%)
Completed 40/50 weak learners (80.0%)
Ensemble complete: 50 valid learners, avg F-stat: 4.3314
Pre-filtering: Keeping 75/150 features (50.0%)
Training 50 weak learners with 52 features each...
Completed 20/50 weak learners (40.0%)
Completed 40/50 weak learners (80.0%)
Ensemble complete: 50 valid learners, avg F-stat: 4.3087
Completed 19 of 199 permutations
Pre-filtering: Keeping 75/150 features (50.0%)
Training 50 weak learners with 52 features each...
Completed 20/50 weak learners (40.0%)
Completed 40/50 weak learners (80.0%)
Ensemble complete: 50 valid learners, avg F-stat: 4.3598
Pre-filtering: Keeping 75/150 features (50.0%)
Training 50 weak learners with 52 features each...
Completed 20/50 weak learners (40.0%)
Completed 40/50 weak learners (80.0%)
Ensemble complete: 50 valid learners, avg F-stat: 4.4575
Pre-filtering: Keeping 75/150 features (50.0%)
Training 50 weak learners with 52 features each...
Completed 20/50 weak learners (40.0%)
Completed 40/50 weak learners (80.0%)
Ensemble complete: 50 valid learners, avg F-stat: 4.4913
Pre-filtering: Keeping 75/150 features (50.0%)
Training 50 weak learners with 52 features each...
Completed 20/50 weak learners (40.0%)
Completed 40/50 weak learners (80.0%)
Ensemble complete: 50 valid learners, avg F-stat: 4.0238
Pre-filtering: Keeping 75/150 features (50.0%)
Training 50 weak learners with 52 features each...
Completed 20/50 weak learners (40.0%)
Completed 40/50 weak learners (80.0%)
Ensemble complete: 50 valid learners, avg F-stat: 4.6594
Pre-filtering: Keeping 75/150 features (50.0%)
Training 50 weak learners with 52 features each...
Completed 20/50 weak learners (40.0%)
Completed 40/50 weak learners (80.0%)
Ensemble complete: 50 valid learners, avg F-stat: 3.7043
Pre-filtering: Keeping 75/150 features (50.0%)
Training 50 weak learners with 52 features each...
Completed 20/50 weak learners (40.0%)
Completed 40/50 weak learners (80.0%)
Ensemble complete: 50 valid learners, avg F-stat: 4.4035
Pre-filtering: Keeping 75/150 features (50.0%)
Training 50 weak learners with 52 features each...
Completed 20/50 weak learners (40.0%)
Completed 40/50 weak learners (80.0%)
Ensemble complete: 50 valid learners, avg F-stat: 3.9450
Pre-filtering: Keeping 75/150 features (50.0%)
Training 50 weak learners with 52 features each...
Completed 20/50 weak learners (40.0%)
Completed 40/50 weak learners (80.0%)
Ensemble complete: 50 valid learners, avg F-stat: 4.5281
Pre-filtering: Keeping 75/150 features (50.0%)
Training 50 weak learners with 52 features each...
Completed 20/50 weak learners (40.0%)
Completed 40/50 weak learners (80.0%)
Ensemble complete: 50 valid learners, avg F-stat: 4.0197
Pre-filtering: Keeping 75/150 features (50.0%)
Training 50 weak learners with 52 features each...
Completed 20/50 weak learners (40.0%)
Completed 40/50 weak learners (80.0%)
Ensemble complete: 50 valid learners, avg F-stat: 5.2094
Pre-filtering: Keeping 75/150 features (50.0%)
Training 50 weak learners with 52 features each...
Completed 20/50 weak learners (40.0%)
Completed 40/50 weak learners (80.0%)
Ensemble complete: 50 valid learners, avg F-stat: 4.7828
Pre-filtering: Keeping 75/150 features (50.0%)
Training 50 weak learners with 52 features each...
Completed 20/50 weak learners (40.0%)
Completed 40/50 weak learners (80.0%)
Ensemble complete: 50 valid learners, avg F-stat: 4.1943
Pre-filtering: Keeping 75/150 features (50.0%)
Training 50 weak learners with 52 features each...
Completed 20/50 weak learners (40.0%)
Completed 40/50 weak learners (80.0%)
Ensemble complete: 50 valid learners, avg F-stat: 4.3760
Pre-filtering: Keeping 75/150 features (50.0%)
Training 50 weak learners with 52 features each...
Completed 20/50 weak learners (40.0%)
Completed 40/50 weak learners (80.0%)
Ensemble complete: 50 valid learners, avg F-stat: 4.6327
Pre-filtering: Keeping 75/150 features (50.0%)
Training 50 weak learners with 52 features each...
Completed 20/50 weak learners (40.0%)
Completed 40/50 weak learners (80.0%)
Ensemble complete: 50 valid learners, avg F-stat: 4.0932
Pre-filtering: Keeping 75/150 features (50.0%)
Training 50 weak learners with 52 features each...
Completed 20/50 weak learners (40.0%)
Completed 40/50 weak learners (80.0%)
Ensemble complete: 50 valid learners, avg F-stat: 4.5849
Pre-filtering: Keeping 75/150 features (50.0%)
Training 50 weak learners with 52 features each...
Completed 20/50 weak learners (40.0%)
Completed 40/50 weak learners (80.0%)
Ensemble complete: 50 valid learners, avg F-stat: 3.6834
Pre-filtering: Keeping 75/150 features (50.0%)
Training 50 weak learners with 52 features each...
Completed 20/50 weak learners (40.0%)
Completed 40/50 weak learners (80.0%)
Ensemble complete: 50 valid learners, avg F-stat: 3.7663
Completed 38 of 199 permutations
Pre-filtering: Keeping 75/150 features (50.0%)
Training 50 weak learners with 52 features each...
Completed 20/50 weak learners (40.0%)
Completed 40/50 weak learners (80.0%)
Ensemble complete: 50 valid learners, avg F-stat: 4.2578
Pre-filtering: Keeping 75/150 features (50.0%)
Training 50 weak learners with 52 features each...
Completed 20/50 weak learners (40.0%)
Completed 40/50 weak learners (80.0%)
Ensemble complete: 50 valid learners, avg F-stat: 4.1166
Pre-filtering: Keeping 75/150 features (50.0%)
Training 50 weak learners with 52 features each...
Completed 20/50 weak learners (40.0%)
Completed 40/50 weak learners (80.0%)
Ensemble complete: 50 valid learners, avg F-stat: 4.1149
Pre-filtering: Keeping 75/150 features (50.0%)
Training 50 weak learners with 52 features each...
Completed 20/50 weak learners (40.0%)
Completed 40/50 weak learners (80.0%)
Ensemble complete: 50 valid learners, avg F-stat: 3.8592
Pre-filtering: Keeping 75/150 features (50.0%)
Training 50 weak learners with 52 features each...
Completed 20/50 weak learners (40.0%)
Completed 40/50 weak learners (80.0%)
Ensemble complete: 50 valid learners, avg F-stat: 5.1102
Pre-filtering: Keeping 75/150 features (50.0%)
Training 50 weak learners with 52 features each...
Completed 20/50 weak learners (40.0%)
Completed 40/50 weak learners (80.0%)
Ensemble complete: 50 valid learners, avg F-stat: 3.6701
Pre-filtering: Keeping 75/150 features (50.0%)
Training 50 weak learners with 52 features each...
Completed 20/50 weak learners (40.0%)
Completed 40/50 weak learners (80.0%)
Ensemble complete: 50 valid learners, avg F-stat: 5.2205
Pre-filtering: Keeping 75/150 features (50.0%)
Training 50 weak learners with 52 features each...
Completed 20/50 weak learners (40.0%)
Completed 40/50 weak learners (80.0%)
Ensemble complete: 50 valid learners, avg F-stat: 4.0739
Pre-filtering: Keeping 75/150 features (50.0%)
Training 50 weak learners with 52 features each...
Completed 20/50 weak learners (40.0%)
Completed 40/50 weak learners (80.0%)
Ensemble complete: 50 valid learners, avg F-stat: 4.4174
Pre-filtering: Keeping 75/150 features (50.0%)
Training 50 weak learners with 52 features each...
Completed 20/50 weak learners (40.0%)
Completed 40/50 weak learners (80.0%)
Ensemble complete: 50 valid learners, avg F-stat: 4.2274
Pre-filtering: Keeping 75/150 features (50.0%)
Training 50 weak learners with 52 features each...
Completed 20/50 weak learners (40.0%)
Completed 40/50 weak learners (80.0%)
Ensemble complete: 50 valid learners, avg F-stat: 4.3709
Pre-filtering: Keeping 75/150 features (50.0%)
Training 50 weak learners with 52 features each...
Completed 20/50 weak learners (40.0%)
Completed 40/50 weak learners (80.0%)
Ensemble complete: 50 valid learners, avg F-stat: 4.2798
Pre-filtering: Keeping 75/150 features (50.0%)
Training 50 weak learners with 52 features each...
Completed 20/50 weak learners (40.0%)
Completed 40/50 weak learners (80.0%)
Ensemble complete: 50 valid learners, avg F-stat: 3.9308
Pre-filtering: Keeping 75/150 features (50.0%)
Training 50 weak learners with 52 features each...
Completed 20/50 weak learners (40.0%)
Completed 40/50 weak learners (80.0%)
Ensemble complete: 50 valid learners, avg F-stat: 4.1414
Pre-filtering: Keeping 75/150 features (50.0%)
Training 50 weak learners with 52 features each...
Completed 20/50 weak learners (40.0%)
Completed 40/50 weak learners (80.0%)
Ensemble complete: 50 valid learners, avg F-stat: 4.3829
Pre-filtering: Keeping 75/150 features (50.0%)
Training 50 weak learners with 52 features each...
Completed 20/50 weak learners (40.0%)
Completed 40/50 weak learners (80.0%)
Ensemble complete: 50 valid learners, avg F-stat: 5.2073
Pre-filtering: Keeping 75/150 features (50.0%)
Training 50 weak learners with 52 features each...
Completed 20/50 weak learners (40.0%)
Completed 40/50 weak learners (80.0%)
Ensemble complete: 50 valid learners, avg F-stat: 4.4724
Pre-filtering: Keeping 75/150 features (50.0%)
Training 50 weak learners with 52 features each...
Completed 20/50 weak learners (40.0%)
Completed 40/50 weak learners (80.0%)
Ensemble complete: 50 valid learners, avg F-stat: 4.1528
Pre-filtering: Keeping 75/150 features (50.0%)
Training 50 weak learners with 52 features each...
Completed 20/50 weak learners (40.0%)
Completed 40/50 weak learners (80.0%)
Ensemble complete: 50 valid learners, avg F-stat: 4.5388
Completed 57 of 199 permutations
Pre-filtering: Keeping 75/150 features (50.0%)
Training 50 weak learners with 52 features each...
Completed 20/50 weak learners (40.0%)
Completed 40/50 weak learners (80.0%)
Ensemble complete: 50 valid learners, avg F-stat: 4.2335
Pre-filtering: Keeping 75/150 features (50.0%)
Training 50 weak learners with 52 features each...
Completed 20/50 weak learners (40.0%)
Completed 40/50 weak learners (80.0%)
Ensemble complete: 50 valid learners, avg F-stat: 4.7919
Pre-filtering: Keeping 75/150 features (50.0%)
Training 50 weak learners with 52 features each...
Completed 20/50 weak learners (40.0%)
Completed 40/50 weak learners (80.0%)
Ensemble complete: 50 valid learners, avg F-stat: 4.2457
Pre-filtering: Keeping 75/150 features (50.0%)
Training 50 weak learners with 52 features each...
Completed 20/50 weak learners (40.0%)
Completed 40/50 weak learners (80.0%)
Ensemble complete: 50 valid learners, avg F-stat: 3.8736
Pre-filtering: Keeping 75/150 features (50.0%)
Training 50 weak learners with 52 features each...
Completed 20/50 weak learners (40.0%)
Completed 40/50 weak learners (80.0%)
Ensemble complete: 50 valid learners, avg F-stat: 3.9767
Pre-filtering: Keeping 75/150 features (50.0%)
Training 50 weak learners with 52 features each...
Completed 20/50 weak learners (40.0%)
Completed 40/50 weak learners (80.0%)
Ensemble complete: 50 valid learners, avg F-stat: 4.2725
Pre-filtering: Keeping 75/150 features (50.0%)
Training 50 weak learners with 52 features each...
Completed 20/50 weak learners (40.0%)
Completed 40/50 weak learners (80.0%)
Ensemble complete: 50 valid learners, avg F-stat: 4.9791
Pre-filtering: Keeping 75/150 features (50.0%)
Training 50 weak learners with 52 features each...
Completed 20/50 weak learners (40.0%)
Completed 40/50 weak learners (80.0%)
Ensemble complete: 50 valid learners, avg F-stat: 3.7554
Pre-filtering: Keeping 75/150 features (50.0%)
Training 50 weak learners with 52 features each...
Completed 20/50 weak learners (40.0%)
Completed 40/50 weak learners (80.0%)
Ensemble complete: 50 valid learners, avg F-stat: 4.2328
Pre-filtering: Keeping 75/150 features (50.0%)
Training 50 weak learners with 52 features each...
Completed 20/50 weak learners (40.0%)
Completed 40/50 weak learners (80.0%)
Ensemble complete: 50 valid learners, avg F-stat: 4.7664
Pre-filtering: Keeping 75/150 features (50.0%)
Training 50 weak learners with 52 features each...
Completed 20/50 weak learners (40.0%)
Completed 40/50 weak learners (80.0%)
Ensemble complete: 50 valid learners, avg F-stat: 4.5155
Pre-filtering: Keeping 75/150 features (50.0%)
Training 50 weak learners with 52 features each...
Completed 20/50 weak learners (40.0%)
Completed 40/50 weak learners (80.0%)
Ensemble complete: 50 valid learners, avg F-stat: 4.2698
Pre-filtering: Keeping 75/150 features (50.0%)
Training 50 weak learners with 52 features each...
Completed 20/50 weak learners (40.0%)
Completed 40/50 weak learners (80.0%)
Ensemble complete: 50 valid learners, avg F-stat: 4.3526
Pre-filtering: Keeping 75/150 features (50.0%)
Training 50 weak learners with 52 features each...
Completed 20/50 weak learners (40.0%)
Completed 40/50 weak learners (80.0%)
Ensemble complete: 50 valid learners, avg F-stat: 4.4898
Pre-filtering: Keeping 75/150 features (50.0%)
Training 50 weak learners with 52 features each...
Completed 20/50 weak learners (40.0%)
Completed 40/50 weak learners (80.0%)
Ensemble complete: 50 valid learners, avg F-stat: 4.2489
Pre-filtering: Keeping 75/150 features (50.0%)
Training 50 weak learners with 52 features each...
Completed 20/50 weak learners (40.0%)
Completed 40/50 weak learners (80.0%)
Ensemble complete: 50 valid learners, avg F-stat: 4.0625
Pre-filtering: Keeping 75/150 features (50.0%)
Training 50 weak learners with 52 features each...
Completed 20/50 weak learners (40.0%)
Completed 40/50 weak learners (80.0%)
Ensemble complete: 50 valid learners, avg F-stat: 4.3349
Pre-filtering: Keeping 75/150 features (50.0%)
Training 50 weak learners with 52 features each...
Completed 20/50 weak learners (40.0%)
Completed 40/50 weak learners (80.0%)
Ensemble complete: 50 valid learners, avg F-stat: 4.9769
Pre-filtering: Keeping 75/150 features (50.0%)
Training 50 weak learners with 52 features each...
Completed 20/50 weak learners (40.0%)
Completed 40/50 weak learners (80.0%)
Ensemble complete: 50 valid learners, avg F-stat: 4.4670
Completed 76 of 199 permutations
Pre-filtering: Keeping 75/150 features (50.0%)
Training 50 weak learners with 52 features each...
Completed 20/50 weak learners (40.0%)
Completed 40/50 weak learners (80.0%)
Ensemble complete: 50 valid learners, avg F-stat: 4.1400
Pre-filtering: Keeping 75/150 features (50.0%)
Training 50 weak learners with 52 features each...
Completed 20/50 weak learners (40.0%)
Completed 40/50 weak learners (80.0%)
Ensemble complete: 50 valid learners, avg F-stat: 4.4283
Pre-filtering: Keeping 75/150 features (50.0%)
Training 50 weak learners with 52 features each...
Completed 20/50 weak learners (40.0%)
Completed 40/50 weak learners (80.0%)
Ensemble complete: 50 valid learners, avg F-stat: 3.5791
Pre-filtering: Keeping 75/150 features (50.0%)
Training 50 weak learners with 52 features each...
Completed 20/50 weak learners (40.0%)
Completed 40/50 weak learners (80.0%)
Ensemble complete: 50 valid learners, avg F-stat: 4.3419
Pre-filtering: Keeping 75/150 features (50.0%)
Training 50 weak learners with 52 features each...
Completed 20/50 weak learners (40.0%)
Completed 40/50 weak learners (80.0%)
Ensemble complete: 50 valid learners, avg F-stat: 4.4676
Pre-filtering: Keeping 75/150 features (50.0%)
Training 50 weak learners with 52 features each...
Completed 20/50 weak learners (40.0%)
Completed 40/50 weak learners (80.0%)
Ensemble complete: 50 valid learners, avg F-stat: 3.5909
Pre-filtering: Keeping 75/150 features (50.0%)
Training 50 weak learners with 52 features each...
Completed 20/50 weak learners (40.0%)
Completed 40/50 weak learners (80.0%)
Ensemble complete: 50 valid learners, avg F-stat: 4.0173
Pre-filtering: Keeping 75/150 features (50.0%)
Training 50 weak learners with 52 features each...
Completed 20/50 weak learners (40.0%)
Completed 40/50 weak learners (80.0%)
Ensemble complete: 50 valid learners, avg F-stat: 4.2949
Pre-filtering: Keeping 75/150 features (50.0%)
Training 50 weak learners with 52 features each...
Completed 20/50 weak learners (40.0%)
Completed 40/50 weak learners (80.0%)
Ensemble complete: 50 valid learners, avg F-stat: 4.8298
Pre-filtering: Keeping 75/150 features (50.0%)
Training 50 weak learners with 52 features each...
Completed 20/50 weak learners (40.0%)
Completed 40/50 weak learners (80.0%)
Ensemble complete: 50 valid learners, avg F-stat: 4.1524
Pre-filtering: Keeping 75/150 features (50.0%)
Training 50 weak learners with 52 features each...
Completed 20/50 weak learners (40.0%)
Completed 40/50 weak learners (80.0%)
Ensemble complete: 50 valid learners, avg F-stat: 4.5425
Pre-filtering: Keeping 75/150 features (50.0%)
Training 50 weak learners with 52 features each...
Completed 20/50 weak learners (40.0%)
Completed 40/50 weak learners (80.0%)
Ensemble complete: 50 valid learners, avg F-stat: 4.1031
Pre-filtering: Keeping 75/150 features (50.0%)
Training 50 weak learners with 52 features each...
Completed 20/50 weak learners (40.0%)
Completed 40/50 weak learners (80.0%)
Ensemble complete: 50 valid learners, avg F-stat: 4.0996
Pre-filtering: Keeping 75/150 features (50.0%)
Training 50 weak learners with 52 features each...
Completed 20/50 weak learners (40.0%)
Completed 40/50 weak learners (80.0%)
Ensemble complete: 50 valid learners, avg F-stat: 4.5031
Pre-filtering: Keeping 75/150 features (50.0%)
Training 50 weak learners with 52 features each...
Completed 20/50 weak learners (40.0%)
Completed 40/50 weak learners (80.0%)
Ensemble complete: 50 valid learners, avg F-stat: 4.5192
Pre-filtering: Keeping 75/150 features (50.0%)
Training 50 weak learners with 52 features each...
Completed 20/50 weak learners (40.0%)
Completed 40/50 weak learners (80.0%)
Ensemble complete: 50 valid learners, avg F-stat: 4.0222
Pre-filtering: Keeping 75/150 features (50.0%)
Training 50 weak learners with 52 features each...
Completed 20/50 weak learners (40.0%)
Completed 40/50 weak learners (80.0%)
Ensemble complete: 50 valid learners, avg F-stat: 4.4267
Pre-filtering: Keeping 75/150 features (50.0%)
Training 50 weak learners with 52 features each...
Completed 20/50 weak learners (40.0%)
Completed 40/50 weak learners (80.0%)
Ensemble complete: 50 valid learners, avg F-stat: 3.7113
Pre-filtering: Keeping 75/150 features (50.0%)
Training 50 weak learners with 52 features each...
Completed 20/50 weak learners (40.0%)
Completed 40/50 weak learners (80.0%)
Ensemble complete: 50 valid learners, avg F-stat: 4.2975
Completed 95 of 199 permutations
Pre-filtering: Keeping 75/150 features (50.0%)
Training 50 weak learners with 52 features each...
Completed 20/50 weak learners (40.0%)
Completed 40/50 weak learners (80.0%)
Ensemble complete: 50 valid learners, avg F-stat: 4.4540
Pre-filtering: Keeping 75/150 features (50.0%)
Training 50 weak learners with 52 features each...
Completed 20/50 weak learners (40.0%)
Completed 40/50 weak learners (80.0%)
Ensemble complete: 50 valid learners, avg F-stat: 3.9572
Pre-filtering: Keeping 75/150 features (50.0%)
Training 50 weak learners with 52 features each...
Completed 20/50 weak learners (40.0%)
Completed 40/50 weak learners (80.0%)
Ensemble complete: 50 valid learners, avg F-stat: 4.3839
Pre-filtering: Keeping 75/150 features (50.0%)
Training 50 weak learners with 52 features each...
Completed 20/50 weak learners (40.0%)
Completed 40/50 weak learners (80.0%)
Ensemble complete: 50 valid learners, avg F-stat: 3.8648
Pre-filtering: Keeping 75/150 features (50.0%)
Training 50 weak learners with 52 features each...
Completed 20/50 weak learners (40.0%)
Completed 40/50 weak learners (80.0%)
Ensemble complete: 50 valid learners, avg F-stat: 3.9715
Pre-filtering: Keeping 75/150 features (50.0%)
Training 50 weak learners with 52 features each...
Completed 20/50 weak learners (40.0%)
Completed 40/50 weak learners (80.0%)
Ensemble complete: 50 valid learners, avg F-stat: 3.4539
Pre-filtering: Keeping 75/150 features (50.0%)
Training 50 weak learners with 52 features each...
Completed 20/50 weak learners (40.0%)
Completed 40/50 weak learners (80.0%)
Ensemble complete: 50 valid learners, avg F-stat: 4.6869
Pre-filtering: Keeping 75/150 features (50.0%)
Training 50 weak learners with 52 features each...
Completed 20/50 weak learners (40.0%)
Completed 40/50 weak learners (80.0%)
Ensemble complete: 50 valid learners, avg F-stat: 4.1424
Pre-filtering: Keeping 75/150 features (50.0%)
Training 50 weak learners with 52 features each...
Completed 20/50 weak learners (40.0%)
Completed 40/50 weak learners (80.0%)
Ensemble complete: 50 valid learners, avg F-stat: 4.0626
Pre-filtering: Keeping 75/150 features (50.0%)
Training 50 weak learners with 52 features each...
Completed 20/50 weak learners (40.0%)
Completed 40/50 weak learners (80.0%)
Ensemble complete: 50 valid learners, avg F-stat: 3.8235
Pre-filtering: Keeping 75/150 features (50.0%)
Training 50 weak learners with 52 features each...
Completed 20/50 weak learners (40.0%)
Completed 40/50 weak learners (80.0%)
Ensemble complete: 50 valid learners, avg F-stat: 3.8425
Pre-filtering: Keeping 75/150 features (50.0%)
Training 50 weak learners with 52 features each...
Completed 20/50 weak learners (40.0%)
Completed 40/50 weak learners (80.0%)
Ensemble complete: 50 valid learners, avg F-stat: 4.8791
Pre-filtering: Keeping 75/150 features (50.0%)
Training 50 weak learners with 52 features each...
Completed 20/50 weak learners (40.0%)
Completed 40/50 weak learners (80.0%)
Ensemble complete: 50 valid learners, avg F-stat: 4.8483
Pre-filtering: Keeping 75/150 features (50.0%)
Training 50 weak learners with 52 features each...
Completed 20/50 weak learners (40.0%)
Completed 40/50 weak learners (80.0%)
Ensemble complete: 50 valid learners, avg F-stat: 4.6333
Pre-filtering: Keeping 75/150 features (50.0%)
Training 50 weak learners with 52 features each...
Completed 20/50 weak learners (40.0%)
Completed 40/50 weak learners (80.0%)
Ensemble complete: 50 valid learners, avg F-stat: 4.2586
Pre-filtering: Keeping 75/150 features (50.0%)
Training 50 weak learners with 52 features each...
Completed 20/50 weak learners (40.0%)
Completed 40/50 weak learners (80.0%)
Ensemble complete: 50 valid learners, avg F-stat: 4.3823
Pre-filtering: Keeping 75/150 features (50.0%)
Training 50 weak learners with 52 features each...
Completed 20/50 weak learners (40.0%)
Completed 40/50 weak learners (80.0%)
Ensemble complete: 50 valid learners, avg F-stat: 4.4353
Pre-filtering: Keeping 75/150 features (50.0%)
Training 50 weak learners with 52 features each...
Completed 20/50 weak learners (40.0%)
Completed 40/50 weak learners (80.0%)
Ensemble complete: 50 valid learners, avg F-stat: 3.5255
Pre-filtering: Keeping 75/150 features (50.0%)
Training 50 weak learners with 52 features each...
Completed 20/50 weak learners (40.0%)
Completed 40/50 weak learners (80.0%)
Ensemble complete: 50 valid learners, avg F-stat: 3.6056
Completed 114 of 199 permutations
Pre-filtering: Keeping 75/150 features (50.0%)
Training 50 weak learners with 52 features each...
Completed 20/50 weak learners (40.0%)
Completed 40/50 weak learners (80.0%)
Ensemble complete: 50 valid learners, avg F-stat: 4.4788
Pre-filtering: Keeping 75/150 features (50.0%)
Training 50 weak learners with 52 features each...
Completed 20/50 weak learners (40.0%)
Completed 40/50 weak learners (80.0%)
Ensemble complete: 50 valid learners, avg F-stat: 3.5700
Pre-filtering: Keeping 75/150 features (50.0%)
Training 50 weak learners with 52 features each...
Completed 20/50 weak learners (40.0%)
Completed 40/50 weak learners (80.0%)
Ensemble complete: 50 valid learners, avg F-stat: 4.5518
Pre-filtering: Keeping 75/150 features (50.0%)
Training 50 weak learners with 52 features each...
Completed 20/50 weak learners (40.0%)
Completed 40/50 weak learners (80.0%)
Ensemble complete: 50 valid learners, avg F-stat: 4.6620
Pre-filtering: Keeping 75/150 features (50.0%)
Training 50 weak learners with 52 features each...
Completed 20/50 weak learners (40.0%)
Completed 40/50 weak learners (80.0%)
Ensemble complete: 50 valid learners, avg F-stat: 4.5833
Pre-filtering: Keeping 75/150 features (50.0%)
Training 50 weak learners with 52 features each...
Completed 20/50 weak learners (40.0%)
Completed 40/50 weak learners (80.0%)
Ensemble complete: 50 valid learners, avg F-stat: 4.3213
Pre-filtering: Keeping 75/150 features (50.0%)
Training 50 weak learners with 52 features each...
Completed 20/50 weak learners (40.0%)
Completed 40/50 weak learners (80.0%)
Ensemble complete: 50 valid learners, avg F-stat: 3.7186
Pre-filtering: Keeping 75/150 features (50.0%)
Training 50 weak learners with 52 features each...
Completed 20/50 weak learners (40.0%)
Completed 40/50 weak learners (80.0%)
Ensemble complete: 50 valid learners, avg F-stat: 4.4616
Pre-filtering: Keeping 75/150 features (50.0%)
Training 50 weak learners with 52 features each...
Completed 20/50 weak learners (40.0%)
Completed 40/50 weak learners (80.0%)
Ensemble complete: 50 valid learners, avg F-stat: 4.0065
Pre-filtering: Keeping 75/150 features (50.0%)
Training 50 weak learners with 52 features each...
Completed 20/50 weak learners (40.0%)
Completed 40/50 weak learners (80.0%)
Ensemble complete: 50 valid learners, avg F-stat: 4.2315
Pre-filtering: Keeping 75/150 features (50.0%)
Training 50 weak learners with 52 features each...
Completed 20/50 weak learners (40.0%)
Completed 40/50 weak learners (80.0%)
Ensemble complete: 50 valid learners, avg F-stat: 4.9240
Pre-filtering: Keeping 75/150 features (50.0%)
Training 50 weak learners with 52 features each...
Completed 20/50 weak learners (40.0%)
Completed 40/50 weak learners (80.0%)
Ensemble complete: 50 valid learners, avg F-stat: 4.7908
Pre-filtering: Keeping 75/150 features (50.0%)
Training 50 weak learners with 52 features each...
Completed 20/50 weak learners (40.0%)
Completed 40/50 weak learners (80.0%)
Ensemble complete: 50 valid learners, avg F-stat: 5.1349
Pre-filtering: Keeping 75/150 features (50.0%)
Training 50 weak learners with 52 features each...
Completed 20/50 weak learners (40.0%)
Completed 40/50 weak learners (80.0%)
Ensemble complete: 50 valid learners, avg F-stat: 4.4877
Pre-filtering: Keeping 75/150 features (50.0%)
Training 50 weak learners with 52 features each...
Completed 20/50 weak learners (40.0%)
Completed 40/50 weak learners (80.0%)
Ensemble complete: 50 valid learners, avg F-stat: 4.5834
Pre-filtering: Keeping 75/150 features (50.0%)
Training 50 weak learners with 52 features each...
Completed 20/50 weak learners (40.0%)
Completed 40/50 weak learners (80.0%)
Ensemble complete: 50 valid learners, avg F-stat: 4.1687
Pre-filtering: Keeping 75/150 features (50.0%)
Training 50 weak learners with 52 features each...
Completed 20/50 weak learners (40.0%)
Completed 40/50 weak learners (80.0%)
Ensemble complete: 50 valid learners, avg F-stat: 4.1322
Pre-filtering: Keeping 75/150 features (50.0%)
Training 50 weak learners with 52 features each...
Completed 20/50 weak learners (40.0%)
Completed 40/50 weak learners (80.0%)
Ensemble complete: 50 valid learners, avg F-stat: 4.0553
Pre-filtering: Keeping 75/150 features (50.0%)
Training 50 weak learners with 52 features each...
Completed 20/50 weak learners (40.0%)
Completed 40/50 weak learners (80.0%)
Ensemble complete: 50 valid learners, avg F-stat: 4.4155
Completed 133 of 199 permutations
Pre-filtering: Keeping 75/150 features (50.0%)
Training 50 weak learners with 52 features each...
Completed 20/50 weak learners (40.0%)
Completed 40/50 weak learners (80.0%)
Ensemble complete: 50 valid learners, avg F-stat: 4.8284
Pre-filtering: Keeping 75/150 features (50.0%)
Training 50 weak learners with 52 features each...
Completed 20/50 weak learners (40.0%)
Completed 40/50 weak learners (80.0%)
Ensemble complete: 50 valid learners, avg F-stat: 3.9074
Pre-filtering: Keeping 75/150 features (50.0%)
Training 50 weak learners with 52 features each...
Completed 20/50 weak learners (40.0%)
Completed 40/50 weak learners (80.0%)
Ensemble complete: 50 valid learners, avg F-stat: 4.2405
Pre-filtering: Keeping 75/150 features (50.0%)
Training 50 weak learners with 52 features each...
Completed 20/50 weak learners (40.0%)
Completed 40/50 weak learners (80.0%)
Ensemble complete: 50 valid learners, avg F-stat: 3.7652
Pre-filtering: Keeping 75/150 features (50.0%)
Training 50 weak learners with 52 features each...
Completed 20/50 weak learners (40.0%)
Completed 40/50 weak learners (80.0%)
Ensemble complete: 50 valid learners, avg F-stat: 4.1994
Pre-filtering: Keeping 75/150 features (50.0%)
Training 50 weak learners with 52 features each...
Completed 20/50 weak learners (40.0%)
Completed 40/50 weak learners (80.0%)
Ensemble complete: 50 valid learners, avg F-stat: 4.4044
Pre-filtering: Keeping 75/150 features (50.0%)
Training 50 weak learners with 52 features each...
Completed 20/50 weak learners (40.0%)
Completed 40/50 weak learners (80.0%)
Ensemble complete: 50 valid learners, avg F-stat: 4.3665
Pre-filtering: Keeping 75/150 features (50.0%)
Training 50 weak learners with 52 features each...
Completed 20/50 weak learners (40.0%)
Completed 40/50 weak learners (80.0%)
Ensemble complete: 50 valid learners, avg F-stat: 4.4044
Pre-filtering: Keeping 75/150 features (50.0%)
Training 50 weak learners with 52 features each...
Completed 20/50 weak learners (40.0%)
Completed 40/50 weak learners (80.0%)
Ensemble complete: 50 valid learners, avg F-stat: 4.8225
Pre-filtering: Keeping 75/150 features (50.0%)
Training 50 weak learners with 52 features each...
Completed 20/50 weak learners (40.0%)
Completed 40/50 weak learners (80.0%)
Ensemble complete: 50 valid learners, avg F-stat: 4.3463
Pre-filtering: Keeping 75/150 features (50.0%)
Training 50 weak learners with 52 features each...
Completed 20/50 weak learners (40.0%)
Completed 40/50 weak learners (80.0%)
Ensemble complete: 50 valid learners, avg F-stat: 4.4696
Pre-filtering: Keeping 75/150 features (50.0%)
Training 50 weak learners with 52 features each...
Completed 20/50 weak learners (40.0%)
Completed 40/50 weak learners (80.0%)
Ensemble complete: 50 valid learners, avg F-stat: 4.6753
Pre-filtering: Keeping 75/150 features (50.0%)
Training 50 weak learners with 52 features each...
Completed 20/50 weak learners (40.0%)
Completed 40/50 weak learners (80.0%)
Ensemble complete: 50 valid learners, avg F-stat: 4.0742
Pre-filtering: Keeping 75/150 features (50.0%)
Training 50 weak learners with 52 features each...
Completed 20/50 weak learners (40.0%)
Completed 40/50 weak learners (80.0%)
Ensemble complete: 50 valid learners, avg F-stat: 4.6566
Pre-filtering: Keeping 75/150 features (50.0%)
Training 50 weak learners with 52 features each...
Completed 20/50 weak learners (40.0%)
Completed 40/50 weak learners (80.0%)
Ensemble complete: 50 valid learners, avg F-stat: 4.4772
Pre-filtering: Keeping 75/150 features (50.0%)
Training 50 weak learners with 52 features each...
Completed 20/50 weak learners (40.0%)
Completed 40/50 weak learners (80.0%)
Ensemble complete: 50 valid learners, avg F-stat: 3.7515
Pre-filtering: Keeping 75/150 features (50.0%)
Training 50 weak learners with 52 features each...
Completed 20/50 weak learners (40.0%)
Completed 40/50 weak learners (80.0%)
Ensemble complete: 50 valid learners, avg F-stat: 4.6986
Pre-filtering: Keeping 75/150 features (50.0%)
Training 50 weak learners with 52 features each...
Completed 20/50 weak learners (40.0%)
Completed 40/50 weak learners (80.0%)
Ensemble complete: 50 valid learners, avg F-stat: 4.5392
Pre-filtering: Keeping 75/150 features (50.0%)
Training 50 weak learners with 52 features each...
Completed 20/50 weak learners (40.0%)
Completed 40/50 weak learners (80.0%)
Ensemble complete: 50 valid learners, avg F-stat: 3.4653
Completed 152 of 199 permutations
Pre-filtering: Keeping 75/150 features (50.0%)
Training 50 weak learners with 52 features each...
Completed 20/50 weak learners (40.0%)
Completed 40/50 weak learners (80.0%)
Ensemble complete: 50 valid learners, avg F-stat: 5.2305
Pre-filtering: Keeping 75/150 features (50.0%)
Training 50 weak learners with 52 features each...
Completed 20/50 weak learners (40.0%)
Completed 40/50 weak learners (80.0%)
Ensemble complete: 50 valid learners, avg F-stat: 3.9217
Pre-filtering: Keeping 75/150 features (50.0%)
Training 50 weak learners with 52 features each...
Completed 20/50 weak learners (40.0%)
Completed 40/50 weak learners (80.0%)
Ensemble complete: 50 valid learners, avg F-stat: 4.5847
Pre-filtering: Keeping 75/150 features (50.0%)
Training 50 weak learners with 52 features each...
Completed 20/50 weak learners (40.0%)
Completed 40/50 weak learners (80.0%)
Ensemble complete: 50 valid learners, avg F-stat: 5.0918
Pre-filtering: Keeping 75/150 features (50.0%)
Training 50 weak learners with 52 features each...
Completed 20/50 weak learners (40.0%)
Completed 40/50 weak learners (80.0%)
Ensemble complete: 50 valid learners, avg F-stat: 4.1159
Pre-filtering: Keeping 75/150 features (50.0%)
Training 50 weak learners with 52 features each...
Completed 20/50 weak learners (40.0%)
Completed 40/50 weak learners (80.0%)
Ensemble complete: 50 valid learners, avg F-stat: 4.2493
Pre-filtering: Keeping 75/150 features (50.0%)
Training 50 weak learners with 52 features each...
Completed 20/50 weak learners (40.0%)
Completed 40/50 weak learners (80.0%)
Ensemble complete: 50 valid learners, avg F-stat: 3.6875
Pre-filtering: Keeping 75/150 features (50.0%)
Training 50 weak learners with 52 features each...
Completed 20/50 weak learners (40.0%)
Completed 40/50 weak learners (80.0%)
Ensemble complete: 50 valid learners, avg F-stat: 4.9163
Pre-filtering: Keeping 75/150 features (50.0%)
Training 50 weak learners with 52 features each...
Completed 20/50 weak learners (40.0%)
Completed 40/50 weak learners (80.0%)
Ensemble complete: 50 valid learners, avg F-stat: 3.8516
Pre-filtering: Keeping 75/150 features (50.0%)
Training 50 weak learners with 52 features each...
Completed 20/50 weak learners (40.0%)
Completed 40/50 weak learners (80.0%)
Ensemble complete: 50 valid learners, avg F-stat: 5.0780
Pre-filtering: Keeping 75/150 features (50.0%)
Training 50 weak learners with 52 features each...
Completed 20/50 weak learners (40.0%)
Completed 40/50 weak learners (80.0%)
Ensemble complete: 50 valid learners, avg F-stat: 4.3236
Pre-filtering: Keeping 75/150 features (50.0%)
Training 50 weak learners with 52 features each...
Completed 20/50 weak learners (40.0%)
Completed 40/50 weak learners (80.0%)
Ensemble complete: 50 valid learners, avg F-stat: 3.9224
Pre-filtering: Keeping 75/150 features (50.0%)
Training 50 weak learners with 52 features each...
Completed 20/50 weak learners (40.0%)
Completed 40/50 weak learners (80.0%)
Ensemble complete: 50 valid learners, avg F-stat: 4.3692
Pre-filtering: Keeping 75/150 features (50.0%)
Training 50 weak learners with 52 features each...
Completed 20/50 weak learners (40.0%)
Completed 40/50 weak learners (80.0%)
Ensemble complete: 50 valid learners, avg F-stat: 4.3027
Pre-filtering: Keeping 75/150 features (50.0%)
Training 50 weak learners with 52 features each...
Completed 20/50 weak learners (40.0%)
Completed 40/50 weak learners (80.0%)
Ensemble complete: 50 valid learners, avg F-stat: 3.7976
Pre-filtering: Keeping 75/150 features (50.0%)
Training 50 weak learners with 52 features each...
Completed 20/50 weak learners (40.0%)
Completed 40/50 weak learners (80.0%)
Ensemble complete: 50 valid learners, avg F-stat: 4.0482
Pre-filtering: Keeping 75/150 features (50.0%)
Training 50 weak learners with 52 features each...
Completed 20/50 weak learners (40.0%)
Completed 40/50 weak learners (80.0%)
Ensemble complete: 50 valid learners, avg F-stat: 3.9701
Pre-filtering: Keeping 75/150 features (50.0%)
Training 50 weak learners with 52 features each...
Completed 20/50 weak learners (40.0%)
Completed 40/50 weak learners (80.0%)
Ensemble complete: 50 valid learners, avg F-stat: 5.4883
Pre-filtering: Keeping 75/150 features (50.0%)
Training 50 weak learners with 52 features each...
Completed 20/50 weak learners (40.0%)
Completed 40/50 weak learners (80.0%)
Ensemble complete: 50 valid learners, avg F-stat: 4.0489
Completed 171 of 199 permutations
Pre-filtering: Keeping 75/150 features (50.0%)
Training 50 weak learners with 52 features each...
Completed 20/50 weak learners (40.0%)
Completed 40/50 weak learners (80.0%)
Ensemble complete: 50 valid learners, avg F-stat: 4.4298
Pre-filtering: Keeping 75/150 features (50.0%)
Training 50 weak learners with 52 features each...
Completed 20/50 weak learners (40.0%)
Completed 40/50 weak learners (80.0%)
Ensemble complete: 50 valid learners, avg F-stat: 4.5672
Pre-filtering: Keeping 75/150 features (50.0%)
Training 50 weak learners with 52 features each...
Completed 20/50 weak learners (40.0%)
Completed 40/50 weak learners (80.0%)
Ensemble complete: 50 valid learners, avg F-stat: 4.3096
Pre-filtering: Keeping 75/150 features (50.0%)
Training 50 weak learners with 52 features each...
Completed 20/50 weak learners (40.0%)
Completed 40/50 weak learners (80.0%)
Ensemble complete: 50 valid learners, avg F-stat: 4.5318
Pre-filtering: Keeping 75/150 features (50.0%)
Training 50 weak learners with 52 features each...
Completed 20/50 weak learners (40.0%)
Completed 40/50 weak learners (80.0%)
Ensemble complete: 50 valid learners, avg F-stat: 3.2875
Pre-filtering: Keeping 75/150 features (50.0%)
Training 50 weak learners with 52 features each...
Completed 20/50 weak learners (40.0%)
Completed 40/50 weak learners (80.0%)
Ensemble complete: 50 valid learners, avg F-stat: 4.0013
Pre-filtering: Keeping 75/150 features (50.0%)
Training 50 weak learners with 52 features each...
Completed 20/50 weak learners (40.0%)
Completed 40/50 weak learners (80.0%)
Ensemble complete: 50 valid learners, avg F-stat: 4.5444
Pre-filtering: Keeping 75/150 features (50.0%)
Training 50 weak learners with 52 features each...
Completed 20/50 weak learners (40.0%)
Completed 40/50 weak learners (80.0%)
Ensemble complete: 50 valid learners, avg F-stat: 3.7618
Pre-filtering: Keeping 75/150 features (50.0%)
Training 50 weak learners with 52 features each...
Completed 20/50 weak learners (40.0%)
Completed 40/50 weak learners (80.0%)
Ensemble complete: 50 valid learners, avg F-stat: 4.4858
Pre-filtering: Keeping 75/150 features (50.0%)
Training 50 weak learners with 52 features each...
Completed 20/50 weak learners (40.0%)
Completed 40/50 weak learners (80.0%)
Ensemble complete: 50 valid learners, avg F-stat: 4.2618
Pre-filtering: Keeping 75/150 features (50.0%)
Training 50 weak learners with 52 features each...
Completed 20/50 weak learners (40.0%)
Completed 40/50 weak learners (80.0%)
Ensemble complete: 50 valid learners, avg F-stat: 5.2705
Pre-filtering: Keeping 75/150 features (50.0%)
Training 50 weak learners with 52 features each...
Completed 20/50 weak learners (40.0%)
Completed 40/50 weak learners (80.0%)
Ensemble complete: 50 valid learners, avg F-stat: 4.0922
Pre-filtering: Keeping 75/150 features (50.0%)
Training 50 weak learners with 52 features each...
Completed 20/50 weak learners (40.0%)
Completed 40/50 weak learners (80.0%)
Ensemble complete: 50 valid learners, avg F-stat: 4.0644
Pre-filtering: Keeping 75/150 features (50.0%)
Training 50 weak learners with 52 features each...
Completed 20/50 weak learners (40.0%)
Completed 40/50 weak learners (80.0%)
Ensemble complete: 50 valid learners, avg F-stat: 4.1506
Pre-filtering: Keeping 75/150 features (50.0%)
Training 50 weak learners with 52 features each...
Completed 20/50 weak learners (40.0%)
Completed 40/50 weak learners (80.0%)
Ensemble complete: 50 valid learners, avg F-stat: 4.2001
Pre-filtering: Keeping 75/150 features (50.0%)
Training 50 weak learners with 52 features each...
Completed 20/50 weak learners (40.0%)
Completed 40/50 weak learners (80.0%)
Ensemble complete: 50 valid learners, avg F-stat: 4.4489
Pre-filtering: Keeping 75/150 features (50.0%)
Training 50 weak learners with 52 features each...
Completed 20/50 weak learners (40.0%)
Completed 40/50 weak learners (80.0%)
Ensemble complete: 50 valid learners, avg F-stat: 5.0669
Pre-filtering: Keeping 75/150 features (50.0%)
Training 50 weak learners with 52 features each...
Completed 20/50 weak learners (40.0%)
Completed 40/50 weak learners (80.0%)
Ensemble complete: 50 valid learners, avg F-stat: 4.9131
Pre-filtering: Keeping 75/150 features (50.0%)
Training 50 weak learners with 52 features each...
Completed 20/50 weak learners (40.0%)
Completed 40/50 weak learners (80.0%)
Ensemble complete: 50 valid learners, avg F-stat: 4.6029
Completed 190 of 199 permutations
Pre-filtering: Keeping 75/150 features (50.0%)
Training 50 weak learners with 52 features each...
Completed 20/50 weak learners (40.0%)
Completed 40/50 weak learners (80.0%)
